Flutter crash report.
Please report a bug at https://github.com/flutter/flutter/issues.

## command

flutter run --profile -d 00008120-001E04DC0C22201E

## exception

String: failed to connect to http://169.254.135.89:55052/u06vVf0dOWs=/ DartDevelopmentServiceException: WebSocketChannelException: SocketException: Operation timed out (OS Error: Operation timed out, errno = 60), address = 169.254.135.89, port = 54357

```
```

## flutter doctor

```
[32m[✓][39m Flutter (Channel stable, 3.38.3, on macOS 26.1 25B78 darwin-arm64, locale
    en-CA) [223ms]
    [32m•[39m Flutter version 3.38.3 on channel stable at /opt/homebrew/share/flutter
    [32m•[39m Upstream repository https://github.com/flutter/flutter.git
    [32m•[39m Framework revision 19074d12f7 (5 weeks ago), 2025-11-20 17:53:13 -0500
    [32m•[39m Engine revision 13e658725d
    [32m•[39m Dart version 3.10.1
    [32m•[39m DevTools version 2.51.1
    [32m•[39m Feature flags: enable-web, no-enable-linux-desktop, enable-macos-desktop,
      enable-windows-desktop, enable-android, enable-ios, cli-animations,
      enable-native-assets, omit-legacy-version-file, enable-lldb-debugging

[32m[✓][39m Android toolchain - develop for Android devices (Android SDK version 36.1.0)
    [2.6s]
    [32m•[39m Android SDK at /Users/colinhoughton/Library/Android/sdk
    [32m•[39m Emulator version 36.2.12.0 (build_id 14214601) (CL:N/A)
    [32m•[39m Platform android-36, build-tools 36.1.0
    [32m•[39m Java binary at: /Applications/Android
      Studio.app/Contents/jbr/Contents/Home/bin/java
      This is the JDK bundled with the latest Android Studio installation on
      this machine.
      To manually set the JDK path, use: `flutter config
      --jdk-dir="path/to/jdk"`.
    [32m•[39m Java version OpenJDK Runtime Environment (build 21.0.8+-14196175-b1038.72)
    [32m•[39m All Android licenses accepted.

[32m[✓][39m Xcode - develop for iOS and macOS (Xcode 26.2) [860ms]
    [32m•[39m Xcode at /Applications/Xcode.app/Contents/Developer
    [32m•[39m Build 17C48
    [32m•[39m CocoaPods version 1.16.2

[32m[✓][39m Chrome - develop for the web [2ms]
    [32m•[39m Chrome at /Applications/Google Chrome.app/Contents/MacOS/Google Chrome

[32m[✓][39m Connected device (3 available) [7.3s]
    [32m•[39m Colin's iPhone 15-2 (mobile) • 00008120-001E04DC0C22201E • ios
      • iOS 18.6 22G86
    [32m•[39m macOS (desktop)              • macos                     • darwin-arm64
      • macOS 26.1 25B78 darwin-arm64
    [32m•[39m Chrome (web)                 • chrome                    • web-javascript
      • Google Chrome 143.0.7499.170
    [33m![39m Error: Browsing on the local area network for Colin’s iPad. Ensure the
      device is unlocked and attached with a cable or associated with the same
      local area network as this Mac.
      The device must be opted into Developer Mode to connect wirelessly. (code
      -27)

[32m[✓][39m Network resources [558ms]
    [32m•[39m All expected network resources are available.

[32m•[39m No issues found!
```
